Archive member included to satisfy reference by file (symbol)

c:/program files (x86)/gnu tools arm embedded/6.2 2016q4/bin/../lib/gcc/arm-none-eabi/6.2.1/thumb/v6-m\libgcc.a(_udivsi3.o)
                              ..\obj\stm32f0xx_rcc.o (__aeabi_uidiv)
c:/program files (x86)/gnu tools arm embedded/6.2 2016q4/bin/../lib/gcc/arm-none-eabi/6.2.1/thumb/v6-m\libgcc.a(_dvmd_tls.o)
                              c:/program files (x86)/gnu tools arm embedded/6.2 2016q4/bin/../lib/gcc/arm-none-eabi/6.2.1/thumb/v6-m\libgcc.a(_udivsi3.o) (__aeabi_idiv0)

Allocating common symbols
Common symbol       size              file

column              0x4               ..\obj\main.o
row                 0x4               ..\obj\main.o

Discarded input sections

 .text          0x00000000        0x0 ..\obj\semihosting.o
 .data          0x00000000        0x0 ..\obj\semihosting.o
 .bss           0x00000000       0x11 ..\obj\semihosting.o
 .text.SH_SendChar
                0x00000000       0x60 ..\obj\semihosting.o
 .text.SH_SendString
                0x00000000       0x1a ..\obj\semihosting.o
 .text.SH_GetChar
                0x00000000       0x3c ..\obj\semihosting.o
 .debug_info    0x00000000      0x968 ..\obj\semihosting.o
 .debug_abbrev  0x00000000      0x208 ..\obj\semihosting.o
 .debug_aranges
                0x00000000       0x30 ..\obj\semihosting.o
 .debug_ranges  0x00000000       0x20 ..\obj\semihosting.o
 .debug_line    0x00000000      0x1fd ..\obj\semihosting.o
 .debug_str     0x00000000      0x604 ..\obj\semihosting.o
 .comment       0x00000000       0x6f ..\obj\semihosting.o
 .debug_frame   0x00000000       0x70 ..\obj\semihosting.o
 .ARM.attributes
                0x00000000       0x31 ..\obj\semihosting.o
 .text          0x00000000        0x0 ..\obj\stm32f0xx_rcc.o
 .data          0x00000000       0x10 ..\obj\stm32f0xx_rcc.o
 .bss           0x00000000        0x0 ..\obj\stm32f0xx_rcc.o
 .text.RCC_DeInit
                0x00000000       0x88 ..\obj\stm32f0xx_rcc.o
 .text.RCC_HSEConfig
                0x00000000       0x28 ..\obj\stm32f0xx_rcc.o
 .text.RCC_WaitForHSEStartUp
                0x00000000       0x5e ..\obj\stm32f0xx_rcc.o
 .text.RCC_AdjustHSICalibrationValue
                0x00000000       0x3c ..\obj\stm32f0xx_rcc.o
 .text.RCC_HSICmd
                0x00000000       0x3c ..\obj\stm32f0xx_rcc.o
 .text.RCC_AdjustHSI14CalibrationValue
                0x00000000       0x3c ..\obj\stm32f0xx_rcc.o
 .text.RCC_HSI14Cmd
                0x00000000       0x3c ..\obj\stm32f0xx_rcc.o
 .text.RCC_HSI14ADCRequestCmd
                0x00000000       0x3c ..\obj\stm32f0xx_rcc.o
 .text.RCC_LSEConfig
                0x00000000       0x38 ..\obj\stm32f0xx_rcc.o
 .text.RCC_LSEDriveConfig
                0x00000000       0x2c ..\obj\stm32f0xx_rcc.o
 .text.RCC_LSICmd
                0x00000000       0x3c ..\obj\stm32f0xx_rcc.o
 .text.RCC_PLLConfig
                0x00000000       0x38 ..\obj\stm32f0xx_rcc.o
 .text.RCC_PLLCmd
                0x00000000       0x40 ..\obj\stm32f0xx_rcc.o
 .text.RCC_HSI48Cmd
                0x00000000       0x40 ..\obj\stm32f0xx_rcc.o
 .text.RCC_PREDIV1Config
                0x00000000       0x34 ..\obj\stm32f0xx_rcc.o
 .text.RCC_ClockSecuritySystemCmd
                0x00000000       0x40 ..\obj\stm32f0xx_rcc.o
 .text.RCC_MCOConfig
                0x00000000       0x44 ..\obj\stm32f0xx_rcc.o
 .text.RCC_SYSCLKConfig
                0x00000000       0x34 ..\obj\stm32f0xx_rcc.o
 .text.RCC_GetSYSCLKSource
                0x00000000       0x1c ..\obj\stm32f0xx_rcc.o
 .text.RCC_HCLKConfig
                0x00000000       0x34 ..\obj\stm32f0xx_rcc.o
 .text.RCC_PCLKConfig
                0x00000000       0x38 ..\obj\stm32f0xx_rcc.o
 .text.RCC_ADCCLKConfig
                0x00000000       0x54 ..\obj\stm32f0xx_rcc.o
 .text.RCC_CECCLKConfig
                0x00000000       0x2c ..\obj\stm32f0xx_rcc.o
 .text.RCC_I2CCLKConfig
                0x00000000       0x2c ..\obj\stm32f0xx_rcc.o
 .text.RCC_USARTCLKConfig
                0x00000000       0x50 ..\obj\stm32f0xx_rcc.o
 .text.RCC_USBCLKConfig
                0x00000000       0x2c ..\obj\stm32f0xx_rcc.o
 .text.RCC_GetClocksFreq
                0x00000000      0x278 ..\obj\stm32f0xx_rcc.o
 .text.RCC_RTCCLKConfig
                0x00000000       0x20 ..\obj\stm32f0xx_rcc.o
 .text.RCC_RTCCLKCmd
                0x00000000       0x40 ..\obj\stm32f0xx_rcc.o
 .text.RCC_BackupResetCmd
                0x00000000       0x40 ..\obj\stm32f0xx_rcc.o
 .text.RCC_APB2PeriphClockCmd
                0x00000000       0x40 ..\obj\stm32f0xx_rcc.o
 .text.RCC_AHBPeriphResetCmd
                0x00000000       0x40 ..\obj\stm32f0xx_rcc.o
 .text.RCC_APB2PeriphResetCmd
                0x00000000       0x40 ..\obj\stm32f0xx_rcc.o
 .text.RCC_APB1PeriphResetCmd
                0x00000000       0x40 ..\obj\stm32f0xx_rcc.o
 .text.RCC_ITConfig
                0x00000000       0x50 ..\obj\stm32f0xx_rcc.o
 .text.RCC_GetFlagStatus
                0x00000000       0x94 ..\obj\stm32f0xx_rcc.o
 .text.RCC_ClearFlag
                0x00000000       0x1c ..\obj\stm32f0xx_rcc.o
 .text.RCC_GetITStatus
                0x00000000       0x44 ..\obj\stm32f0xx_rcc.o
 .text.RCC_ClearITPendingBit
                0x00000000       0x20 ..\obj\stm32f0xx_rcc.o
 .text          0x00000000        0x0 ..\obj\timer.o
 .data          0x00000000        0x0 ..\obj\timer.o
 .bss           0x00000000        0x0 ..\obj\timer.o
 .text.NVIC_SetPriority
                0x00000000       0xdc ..\obj\timer.o
 .text.TIM14_Init
                0x00000000       0x88 ..\obj\timer.o
 .text          0x00000000        0x0 ..\obj\main.o
 .data          0x00000000        0x0 ..\obj\main.o
 .bss           0x00000000        0x0 ..\obj\main.o
 .text.EXTI4_IRQHandler
                0x00000000        0xa ..\obj\main.o
 .text.EXTI5_IRQHandler
                0x00000000        0xa ..\obj\main.o
 .text.EXTI6_IRQHandler
                0x00000000        0xa ..\obj\main.o
 COMMON         0x00000000        0x8 ..\obj\main.o
 .text          0x00000000       0x14 ..\obj\startup_stm32f0xx.o
 .data          0x00000000        0x0 ..\obj\startup_stm32f0xx.o
 .bss           0x00000000        0x0 ..\obj\startup_stm32f0xx.o
 .text          0x00000000        0x0 ..\obj\printf.o
 .data          0x00000000      0x42c ..\obj\printf.o
 .bss           0x00000000        0x0 ..\obj\printf.o
 .text.PrintChar
                0x00000000       0x1e ..\obj\printf.o
 .text.PutChar  0x00000000       0x20 ..\obj\printf.o
 .text.PutString
                0x00000000       0x38 ..\obj\printf.o
 .text.PutUnsignedInt
                0x00000000       0xa6 ..\obj\printf.o
 .text.PutSignedInt
                0x00000000      0x110 ..\obj\printf.o
 .text.PutHexa  0x00000000       0xf6 ..\obj\printf.o
 .text.vsnprintf
                0x00000000      0x228 ..\obj\printf.o
 .rodata        0x00000000       0xa8 ..\obj\printf.o
 .text.snprintf
                0x00000000       0x32 ..\obj\printf.o
 .text.vsprintf
                0x00000000       0x22 ..\obj\printf.o
 .text.vfprintf
                0x00000000       0x68 ..\obj\printf.o
 .text.vprintf  0x00000000       0x28 ..\obj\printf.o
 .text.fprintf  0x00000000       0x30 ..\obj\printf.o
 .text.printf   0x00000000       0x2e ..\obj\printf.o
 .text.sprintf  0x00000000       0x30 ..\obj\printf.o
 .text.puts     0x00000000       0x28 ..\obj\printf.o
 .text.fputc    0x00000000       0x40 ..\obj\printf.o
 .text.fputs    0x00000000       0x4a ..\obj\printf.o
 .debug_info    0x00000000      0xe69 ..\obj\printf.o
 .debug_abbrev  0x00000000      0x29f ..\obj\printf.o
 .debug_aranges
                0x00000000       0xa0 ..\obj\printf.o
 .debug_ranges  0x00000000       0x90 ..\obj\printf.o
 .debug_line    0x00000000      0x396 ..\obj\printf.o
 .debug_str     0x00000000      0x6cf ..\obj\printf.o
 .comment       0x00000000       0x6f ..\obj\printf.o
 .debug_frame   0x00000000      0x234 ..\obj\printf.o
 .ARM.attributes
                0x00000000       0x31 ..\obj\printf.o
 .text          0x00000000        0x0 ..\obj\func.o
 .bss           0x00000000        0x0 ..\obj\func.o
 .text          0x00000000        0x0 ..\obj\stm32f0xx_gpio.o
 .data          0x00000000        0x0 ..\obj\stm32f0xx_gpio.o
 .bss           0x00000000        0x0 ..\obj\stm32f0xx_gpio.o
 .text.GPIO_DeInit
                0x00000000       0xf0 ..\obj\stm32f0xx_gpio.o
 .text.GPIO_StructInit
                0x00000000       0x34 ..\obj\stm32f0xx_gpio.o
 .text.GPIO_PinLockConfig
                0x00000000       0x46 ..\obj\stm32f0xx_gpio.o
 .text.GPIO_ReadInputData
                0x00000000       0x16 ..\obj\stm32f0xx_gpio.o
 .text.GPIO_ReadOutputDataBit
                0x00000000       0x48 ..\obj\stm32f0xx_gpio.o
 .text.GPIO_ReadOutputData
                0x00000000       0x16 ..\obj\stm32f0xx_gpio.o
 .text.GPIO_SetBits
                0x00000000       0x1e ..\obj\stm32f0xx_gpio.o
 .text.GPIO_ResetBits
                0x00000000       0x1e ..\obj\stm32f0xx_gpio.o
 .text.GPIO_Write
                0x00000000       0x1e ..\obj\stm32f0xx_gpio.o
 .data          0x00000000        0x0 ..\obj\sh_cmd.o
 .bss           0x00000000        0x0 ..\obj\sh_cmd.o
 .text          0x00000000        0x0 ..\obj\stm32f0xx_tim.o
 .data          0x00000000        0x0 ..\obj\stm32f0xx_tim.o
 .bss           0x00000000        0x0 ..\obj\stm32f0xx_tim.o
 .text.TIM_DeInit
                0x00000000      0x124 ..\obj\stm32f0xx_tim.o
 .text.TIM_TimeBaseStructInit
                0x00000000       0x30 ..\obj\stm32f0xx_tim.o
 .text.TIM_PrescalerConfig
                0x00000000       0x30 ..\obj\stm32f0xx_tim.o
 .text.TIM_CounterModeConfig
                0x00000000       0x54 ..\obj\stm32f0xx_tim.o
 .text.TIM_SetCounter
                0x00000000       0x18 ..\obj\stm32f0xx_tim.o
 .text.TIM_SetAutoreload
                0x00000000       0x18 ..\obj\stm32f0xx_tim.o
 .text.TIM_GetCounter
                0x00000000       0x14 ..\obj\stm32f0xx_tim.o
 .text.TIM_GetPrescaler
                0x00000000       0x16 ..\obj\stm32f0xx_tim.o
 .text.TIM_UpdateDisableConfig
                0x00000000       0x40 ..\obj\stm32f0xx_tim.o
 .text.TIM_UpdateRequestConfig
                0x00000000       0x40 ..\obj\stm32f0xx_tim.o
 .text.TIM_SelectOnePulseMode
                0x00000000       0x38 ..\obj\stm32f0xx_tim.o
 .text.TIM_SetClockDivision
                0x00000000       0x3c ..\obj\stm32f0xx_tim.o
 .text.TIM_BDTRConfig
                0x00000000       0x4c ..\obj\stm32f0xx_tim.o
 .text.TIM_BDTRStructInit
                0x00000000       0x3a ..\obj\stm32f0xx_tim.o
 .text.TIM_CtrlPWMOutputs
                0x00000000       0x4c ..\obj\stm32f0xx_tim.o
 .text.TIM_OC2Init
                0x00000000      0x1a4 ..\obj\stm32f0xx_tim.o
 .text.TIM_OC3Init
                0x00000000      0x1a8 ..\obj\stm32f0xx_tim.o
 .text.TIM_OC4Init
                0x00000000      0x138 ..\obj\stm32f0xx_tim.o
 .text.TIM_OCStructInit
                0x00000000       0x40 ..\obj\stm32f0xx_tim.o
 .text.TIM_SelectOCxM
                0x00000000       0xd0 ..\obj\stm32f0xx_tim.o
 .text.TIM_SetCompare1
                0x00000000       0x18 ..\obj\stm32f0xx_tim.o
 .text.TIM_SetCompare2
                0x00000000       0x18 ..\obj\stm32f0xx_tim.o
 .text.TIM_SetCompare3
                0x00000000       0x18 ..\obj\stm32f0xx_tim.o
 .text.TIM_SetCompare4
                0x00000000       0x18 ..\obj\stm32f0xx_tim.o
 .text.TIM_ForcedOC1Config
                0x00000000       0x54 ..\obj\stm32f0xx_tim.o
 .text.TIM_ForcedOC2Config
                0x00000000       0x5c ..\obj\stm32f0xx_tim.o
 .text.TIM_ForcedOC3Config
                0x00000000       0x54 ..\obj\stm32f0xx_tim.o
 .text.TIM_ForcedOC4Config
                0x00000000       0x5c ..\obj\stm32f0xx_tim.o
 .text.TIM_CCPreloadControl
                0x00000000       0x40 ..\obj\stm32f0xx_tim.o
 .text.TIM_OC2PreloadConfig
                0x00000000       0x5c ..\obj\stm32f0xx_tim.o
 .text.TIM_OC3PreloadConfig
                0x00000000       0x54 ..\obj\stm32f0xx_tim.o
 .text.TIM_OC4PreloadConfig
                0x00000000       0x5c ..\obj\stm32f0xx_tim.o
 .text.TIM_OC1FastConfig
                0x00000000       0x54 ..\obj\stm32f0xx_tim.o
 .text.TIM_OC2FastConfig
                0x00000000       0x5c ..\obj\stm32f0xx_tim.o
 .text.TIM_OC3FastConfig
                0x00000000       0x54 ..\obj\stm32f0xx_tim.o
 .text.TIM_OC4FastConfig
                0x00000000       0x5c ..\obj\stm32f0xx_tim.o
 .text.TIM_ClearOC1Ref
                0x00000000       0x54 ..\obj\stm32f0xx_tim.o
 .text.TIM_ClearOC2Ref
                0x00000000       0x58 ..\obj\stm32f0xx_tim.o
 .text.TIM_ClearOC3Ref
                0x00000000       0x54 ..\obj\stm32f0xx_tim.o
 .text.TIM_ClearOC4Ref
                0x00000000       0x58 ..\obj\stm32f0xx_tim.o
 .text.TIM_OC1PolarityConfig
                0x00000000       0x54 ..\obj\stm32f0xx_tim.o
 .text.TIM_OC1NPolarityConfig
                0x00000000       0x54 ..\obj\stm32f0xx_tim.o
 .text.TIM_OC2PolarityConfig
                0x00000000       0x58 ..\obj\stm32f0xx_tim.o
 .text.TIM_OC2NPolarityConfig
                0x00000000       0x58 ..\obj\stm32f0xx_tim.o
 .text.TIM_OC3PolarityConfig
                0x00000000       0x5c ..\obj\stm32f0xx_tim.o
 .text.TIM_OC3NPolarityConfig
                0x00000000       0x5c ..\obj\stm32f0xx_tim.o
 .text.TIM_OC4PolarityConfig
                0x00000000       0x5c ..\obj\stm32f0xx_tim.o
 .text.TIM_SelectOCREFClear
                0x00000000       0x38 ..\obj\stm32f0xx_tim.o
 .text.TIM_CCxCmd
                0x00000000       0x6a ..\obj\stm32f0xx_tim.o
 .text.TIM_CCxNCmd
                0x00000000       0x6a ..\obj\stm32f0xx_tim.o
 .text.TIM_SelectCOM
                0x00000000       0x40 ..\obj\stm32f0xx_tim.o
 .text.TIM_ICInit
                0x00000000       0xb0 ..\obj\stm32f0xx_tim.o
 .text.TIM_ICStructInit
                0x00000000       0x2e ..\obj\stm32f0xx_tim.o
 .text.TIM_PWMIConfig
                0x00000000       0xec ..\obj\stm32f0xx_tim.o
 .text.TIM_GetCapture1
                0x00000000       0x14 ..\obj\stm32f0xx_tim.o
 .text.TIM_GetCapture2
                0x00000000       0x14 ..\obj\stm32f0xx_tim.o
 .text.TIM_GetCapture3
                0x00000000       0x14 ..\obj\stm32f0xx_tim.o
 .text.TIM_GetCapture4
                0x00000000       0x14 ..\obj\stm32f0xx_tim.o
 .text.TIM_SetIC1Prescaler
                0x00000000       0x38 ..\obj\stm32f0xx_tim.o
 .text.TIM_SetIC2Prescaler
                0x00000000       0x40 ..\obj\stm32f0xx_tim.o
 .text.TIM_SetIC3Prescaler
                0x00000000       0x38 ..\obj\stm32f0xx_tim.o
 .text.TIM_SetIC4Prescaler
                0x00000000       0x40 ..\obj\stm32f0xx_tim.o
 .text.TIM_ITConfig
                0x00000000       0x52 ..\obj\stm32f0xx_tim.o
 .text.TIM_GenerateEvent
                0x00000000       0x1e ..\obj\stm32f0xx_tim.o
 .text.TIM_GetFlagStatus
                0x00000000       0x48 ..\obj\stm32f0xx_tim.o
 .text.TIM_ClearFlag
                0x00000000       0x22 ..\obj\stm32f0xx_tim.o
 .text.TIM_GetITStatus
                0x00000000       0x7e ..\obj\stm32f0xx_tim.o
 .text.TIM_ClearITPendingBit
                0x00000000       0x22 ..\obj\stm32f0xx_tim.o
 .text.TIM_DMAConfig
                0x00000000       0x32 ..\obj\stm32f0xx_tim.o
 .text.TIM_DMACmd
                0x00000000       0x52 ..\obj\stm32f0xx_tim.o
 .text.TIM_SelectCCDMA
                0x00000000       0x40 ..\obj\stm32f0xx_tim.o
 .text.TIM_InternalClockConfig
                0x00000000       0x20 ..\obj\stm32f0xx_tim.o
 .text.TIM_ITRxExternalClockConfig
                0x00000000       0x34 ..\obj\stm32f0xx_tim.o
 .text.TIM_TIxExternalClockConfig
                0x00000000       0x80 ..\obj\stm32f0xx_tim.o
 .text.TIM_ETRClockMode1Config
                0x00000000       0xa0 ..\obj\stm32f0xx_tim.o
 .text.TIM_ETRClockMode2Config
                0x00000000       0x56 ..\obj\stm32f0xx_tim.o
 .text.TIM_SelectInputTrigger
                0x00000000       0x54 ..\obj\stm32f0xx_tim.o
 .text.TIM_SelectOutputTrigger
                0x00000000       0x38 ..\obj\stm32f0xx_tim.o
 .text.TIM_SelectSlaveMode
                0x00000000       0x38 ..\obj\stm32f0xx_tim.o
 .text.TIM_SelectMasterSlaveMode
                0x00000000       0x38 ..\obj\stm32f0xx_tim.o
 .text.TIM_ETRConfig
                0x00000000       0x82 ..\obj\stm32f0xx_tim.o
 .text.TIM_EncoderInterfaceConfig
                0x00000000       0xfc ..\obj\stm32f0xx_tim.o
 .text.TIM_SelectHallSensor
                0x00000000       0x40 ..\obj\stm32f0xx_tim.o
 .text.TIM_RemapConfig
                0x00000000       0x20 ..\obj\stm32f0xx_tim.o
 .text.TI1_Config
                0x00000000       0xce ..\obj\stm32f0xx_tim.o
 .text.TI2_Config
                0x00000000       0xf8 ..\obj\stm32f0xx_tim.o
 .text.TI3_Config
                0x00000000       0xf0 ..\obj\stm32f0xx_tim.o
 .text.TI4_Config
                0x00000000      0x100 ..\obj\stm32f0xx_tim.o
 .text          0x00000000        0x0 ..\obj\system_stm32f0xx.o
 .data          0x00000000       0x14 ..\obj\system_stm32f0xx.o
 .bss           0x00000000        0x0 ..\obj\system_stm32f0xx.o
 .text.SystemCoreClockUpdate
                0x00000000       0xd4 ..\obj\system_stm32f0xx.o
 .text          0x00000000        0x0 ..\obj\stm32f0xx_exti.o
 .data          0x00000000        0x0 ..\obj\stm32f0xx_exti.o
 .bss           0x00000000        0x0 ..\obj\stm32f0xx_exti.o
 .text.EXTI_DeInit
                0x00000000       0x34 ..\obj\stm32f0xx_exti.o
 .text.EXTI_Init
                0x00000000       0xe0 ..\obj\stm32f0xx_exti.o
 .text.EXTI_StructInit
                0x00000000       0x28 ..\obj\stm32f0xx_exti.o
 .text.EXTI_GenerateSWInterrupt
                0x00000000       0x20 ..\obj\stm32f0xx_exti.o
 .text.EXTI_GetFlagStatus
                0x00000000       0x40 ..\obj\stm32f0xx_exti.o
 .text.EXTI_ClearFlag
                0x00000000       0x1c ..\obj\stm32f0xx_exti.o
 .text.EXTI_GetITStatus
                0x00000000       0x40 ..\obj\stm32f0xx_exti.o
 .text.EXTI_ClearITPendingBit
                0x00000000       0x1c ..\obj\stm32f0xx_exti.o
 .debug_info    0x00000000      0x32c ..\obj\stm32f0xx_exti.o
 .debug_abbrev  0x00000000      0x1a9 ..\obj\stm32f0xx_exti.o
 .debug_aranges
                0x00000000       0x58 ..\obj\stm32f0xx_exti.o
 .debug_ranges  0x00000000       0x48 ..\obj\stm32f0xx_exti.o
 .debug_line    0x00000000      0x2dd ..\obj\stm32f0xx_exti.o
 .debug_str     0x00000000      0x356 ..\obj\stm32f0xx_exti.o
 .comment       0x00000000       0x6f ..\obj\stm32f0xx_exti.o
 .debug_frame   0x00000000      0x10c ..\obj\stm32f0xx_exti.o
 .ARM.attributes
                0x00000000       0x31 ..\obj\stm32f0xx_exti.o
 .text          0x00000000      0x114 c:/program files (x86)/gnu tools arm embedded/6.2 2016q4/bin/../lib/gcc/arm-none-eabi/6.2.1/thumb/v6-m\libgcc.a(_udivsi3.o)
 .data          0x00000000        0x0 c:/program files (x86)/gnu tools arm embedded/6.2 2016q4/bin/../lib/gcc/arm-none-eabi/6.2.1/thumb/v6-m\libgcc.a(_udivsi3.o)
 .bss           0x00000000        0x0 c:/program files (x86)/gnu tools arm embedded/6.2 2016q4/bin/../lib/gcc/arm-none-eabi/6.2.1/thumb/v6-m\libgcc.a(_udivsi3.o)
 .debug_frame   0x00000000       0x20 c:/program files (x86)/gnu tools arm embedded/6.2 2016q4/bin/../lib/gcc/arm-none-eabi/6.2.1/thumb/v6-m\libgcc.a(_udivsi3.o)
 .ARM.attributes
                0x00000000       0x1e c:/program files (x86)/gnu tools arm embedded/6.2 2016q4/bin/../lib/gcc/arm-none-eabi/6.2.1/thumb/v6-m\libgcc.a(_udivsi3.o)
 .text          0x00000000        0x4 c:/program files (x86)/gnu tools arm embedded/6.2 2016q4/bin/../lib/gcc/arm-none-eabi/6.2.1/thumb/v6-m\libgcc.a(_dvmd_tls.o)
 .data          0x00000000        0x0 c:/program files (x86)/gnu tools arm embedded/6.2 2016q4/bin/../lib/gcc/arm-none-eabi/6.2.1/thumb/v6-m\libgcc.a(_dvmd_tls.o)
 .bss           0x00000000        0x0 c:/program files (x86)/gnu tools arm embedded/6.2 2016q4/bin/../lib/gcc/arm-none-eabi/6.2.1/thumb/v6-m\libgcc.a(_dvmd_tls.o)
 .ARM.attributes
                0x00000000       0x1e c:/program files (x86)/gnu tools arm embedded/6.2 2016q4/bin/../lib/gcc/arm-none-eabi/6.2.1/thumb/v6-m\libgcc.a(_dvmd_tls.o)

Memory Configuration

Name             Origin             Length             Attributes
rom              0x08000000         0x00008000         xr
ram              0x20000000         0x00001800         xrw
*default*        0x00000000         0xffffffff

Linker script and memory map

                0x20001800                _eram = 0x20001800

.text           0x08000000     0x1398
 *(.isr_vector)
 .isr_vector    0x08000000       0xc4 ..\obj\startup_stm32f0xx.o
                0x08000000                g_pfnVectors
 *(.text*)
 .text.RCC_AHBPeriphClockCmd
                0x080000c4       0x40 ..\obj\stm32f0xx_rcc.o
                0x080000c4                RCC_AHBPeriphClockCmd
 .text.RCC_APB1PeriphClockCmd
                0x08000104       0x40 ..\obj\stm32f0xx_rcc.o
                0x08000104                RCC_APB1PeriphClockCmd
 .text.TIM3_Init
                0x08000144       0x5c ..\obj\timer.o
                0x08000144                TIM3_Init
 .text.TIM3CH1_PWMInit
                0x080001a0       0xb8 ..\obj\timer.o
                0x080001a0                TIM3CH1_PWMInit
 .text.TIM3CH1_PWMConfig
                0x08000258       0x5c ..\obj\timer.o
                0x08000258                TIM3CH1_PWMConfig
 .text.NVIC_EnableIRQ
                0x080002b4       0x2c ..\obj\main.o
 .text.main     0x080002e0      0x738 ..\obj\main.o
                0x080002e0                main
 .text.Reset_Handler
                0x08000a18       0x44 ..\obj\startup_stm32f0xx.o
                0x08000a18                Reset_Handler
 .text.Default_Handler
                0x08000a5c        0x2 ..\obj\startup_stm32f0xx.o
                0x08000a5c                PVD_VDDUSB_LP_IRQHandler
                0x08000a5c                TIM1_CC_IRQHandler
                0x08000a5c                ADC1_COMP_IRQHandler
                0x08000a5c                SysTick_Handler
                0x08000a5c                PendSV_Handler
                0x08000a5c                NMI_Handler
                0x08000a5c                I2C1_IRQHandler
                0x08000a5c                RCC_CRS_IRQHandler
                0x08000a5c                SPI1_IRQHandler
                0x08000a5c                TIM6_DAC_IRQHandler
                0x08000a5c                USART3_4_IRQHandler
                0x08000a5c                EXTI2_3_IRQHandler
                0x08000a5c                I2C2_IRQHandler
                0x08000a5c                TIM17_IRQHandler
                0x08000a5c                CEC_CAN_IRQHandler
                0x08000a5c                RTC_IRQHandler
                0x08000a5c                DMA1_Channel4_5_6_7_IRQHandler
                0x08000a5c                TIM16_IRQHandler
                0x08000a5c                TIM3_IRQHandler
                0x08000a5c                EXTI4_15_IRQHandler
                0x08000a5c                DMA1_Channel1_IRQHandler
                0x08000a5c                Default_Handler
                0x08000a5c                TIM14_IRQHandler
                0x08000a5c                TIM7_IRQHandler
                0x08000a5c                TIM15_IRQHandler
                0x08000a5c                EXTI0_1_IRQHandler
                0x08000a5c                SPI2_IRQHandler
                0x08000a5c                SVC_Handler
                0x08000a5c                USB_LP_IRQHandler
                0x08000a5c                TS_IRQHandler
                0x08000a5c                WWDG_IRQHandler
                0x08000a5c                TIM2_IRQHandler
                0x08000a5c                DMA1_Channel2_3_IRQHandler
                0x08000a5c                USART2_IRQHandler
                0x08000a5c                FLASH_IRQHandler
                0x08000a5c                USART1_IRQHandler
                0x08000a5c                TIM1_BRK_UP_TRG_COM_IRQHandler
 *fill*         0x08000a5e        0x2 
 .text.SW_GPIO_Init
                0x08000a60       0xb0 ..\obj\func.o
                0x08000a60                SW_GPIO_Init
 .text.Check_Pass
                0x08000b10       0x58 ..\obj\func.o
                0x08000b10                Check_Pass
 .text.Chenge_Output
                0x08000b68       0xb6 ..\obj\func.o
                0x08000b68                Chenge_Output
 .text.GPIO_Init
                0x08000c1e      0x126 ..\obj\stm32f0xx_gpio.o
                0x08000c1e                GPIO_Init
 .text.GPIO_ReadInputDataBit
                0x08000d44       0x48 ..\obj\stm32f0xx_gpio.o
                0x08000d44                GPIO_ReadInputDataBit
 .text.GPIO_WriteBit
                0x08000d8c       0x3a ..\obj\stm32f0xx_gpio.o
                0x08000d8c                GPIO_WriteBit
 .text.GPIO_PinAFConfig
                0x08000dc6       0xa4 ..\obj\stm32f0xx_gpio.o
                0x08000dc6                GPIO_PinAFConfig
 *fill*         0x08000e6a        0x2 
 .text          0x08000e6c       0x28 ..\obj\sh_cmd.o
                0x08000e6c                SH_DoCommand
                0x08000e7e                HardFault_Handler
 .text.TIM_TimeBaseInit
                0x08000e94       0xf0 ..\obj\stm32f0xx_tim.o
                0x08000e94                TIM_TimeBaseInit
 .text.TIM_ARRPreloadConfig
                0x08000f84       0x40 ..\obj\stm32f0xx_tim.o
                0x08000f84                TIM_ARRPreloadConfig
 .text.TIM_Cmd  0x08000fc4       0x40 ..\obj\stm32f0xx_tim.o
                0x08000fc4                TIM_Cmd
 .text.TIM_OC1Init
                0x08001004      0x1a4 ..\obj\stm32f0xx_tim.o
                0x08001004                TIM_OC1Init
 .text.TIM_OC1PreloadConfig
                0x080011a8       0x54 ..\obj\stm32f0xx_tim.o
                0x080011a8                TIM_OC1PreloadConfig
 .text.SystemInit
                0x080011fc       0x8c ..\obj\system_stm32f0xx.o
                0x080011fc                SystemInit
 .text.SetSysClock
                0x08001288       0xe0 ..\obj\system_stm32f0xx.o
 *(.init)
 *(.fini)
 *crtbegin.o(.ctors)
 *crtbegin?.o(.ctors)
 *(EXCLUDE_FILE(*crtend.o *crtend?.o) .ctors)
 *(SORT(.ctors.*))
 *(.ctors)
 *crtbegin.o(.dtors)
 *crtbegin?.o(.dtors)
 *(EXCLUDE_FILE(*crtend.o *crtend?.o) .dtors)
 *(SORT(.dtors.*))
 *(.dtors)
 *(.rodata*)
 .rodata        0x08001368       0x30 ..\obj\main.o
 *(.eh_fram e*)

.glue_7         0x08001398        0x0
 .glue_7        0x08001398        0x0 linker stubs

.glue_7t        0x08001398        0x0
 .glue_7t       0x08001398        0x0 linker stubs

.vfp11_veneer   0x08001398        0x0
 .vfp11_veneer  0x08001398        0x0 linker stubs

.v4_bx          0x08001398        0x0
 .v4_bx         0x08001398        0x0 linker stubs

.iplt           0x08001398        0x0
 .iplt          0x08001398        0x0 ..\obj\semihosting.o

.rel.dyn        0x08001398        0x0
 .rel.iplt      0x08001398        0x0 ..\obj\semihosting.o

.ARM.extab
 *(.ARM.extab* .gnu.linkonce.armextab.*)
                0x08001398                __exidx_start = .

.ARM.exidx
 *(.ARM.exidx* .gnu.linkonce.armexidx.*)
                0x08001398                __exidx_end = .
                0x08001398                __etext = .
                0x08001398                _sidata = __etext

.data           0x20000000       0x20 load address 0x08001398
                0x20000000                __data_start__ = .
                0x20000000                _sdata = __data_start__
 *(vtable)
 *(.data*)
 .data          0x20000000       0x20 ..\obj\func.o
                0x20000000                pass
                0x20000010                input
                0x20000020                . = ALIGN (0x4)
                [!provide]                PROVIDE (__preinit_array_start, .)
 *(.preinit_array)
                [!provide]                PROVIDE (__preinit_array_end, .)
                0x20000020                . = ALIGN (0x4)
                [!provide]                PROVIDE (__init_array_start, .)
 *(SORT(.init_array.*))
 *(.init_array)
                [!provide]                PROVIDE (__init_array_end, .)
                0x20000020                . = ALIGN (0x4)
                [!provide]                PROVIDE (__fini_array_start, .)
 *(SORT(.fini_array.*))
 *(.fini_array)
                [!provide]                PROVIDE (__fini_array_end, .)
 *(.jcr*)
                0x20000020                . = ALIGN (0x4)
                0x20000020                __data_end__ = .
                0x20000020                _edata = __data_end__

.igot.plt       0x20000020        0x0 load address 0x080013b8
 .igot.plt      0x20000020        0x0 ..\obj\semihosting.o

.bss            0x20000020        0x0
                0x20000020                . = ALIGN (0x4)
                0x20000020                __bss_start__ = .
                0x20000020                _sbss = __bss_start__
 *(.bss*)
 *(COMMON)
                0x20000020                . = ALIGN (0x4)
                0x20000020                __bss_end__ = .
                0x20000020                _ebss = __bss_end__

.heap           0x20000020        0x0
                0x20000020                __end__ = .
                0x20000020                _end = __end__
                0x20000020                end = __end__
 *(.heap*)
                0x20000020                __HeapLimit = .

.co_stack       0x20000020        0x0
                0x20000020                . = ALIGN (0x8)
 *(.co_stack .co_stack.*)
                0x20001800                __StackTop = (ORIGIN (ram) + LENGTH (ram))
                0x20001800                __StackLimit = (__StackTop - SIZEOF (.co_stack))
                [!provide]                PROVIDE (__stack, __StackTop)
                0x00000001                ASSERT ((__StackLimit >= __HeapLimit), region ram  overflowed with stack)
LOAD ..\obj\semihosting.o
LOAD ..\obj\stm32f0xx_rcc.o
LOAD ..\obj\timer.o
LOAD ..\obj\main.o
LOAD ..\obj\startup_stm32f0xx.o
LOAD ..\obj\printf.o
LOAD ..\obj\func.o
LOAD ..\obj\stm32f0xx_gpio.o
LOAD ..\obj\sh_cmd.o
LOAD ..\obj\stm32f0xx_tim.o
LOAD ..\obj\system_stm32f0xx.o
LOAD ..\obj\stm32f0xx_exti.o
START GROUP
LOAD c:/program files (x86)/gnu tools arm embedded/6.2 2016q4/bin/../lib/gcc/arm-none-eabi/6.2.1/thumb/v6-m\libgcc.a
LOAD c:/program files (x86)/gnu tools arm embedded/6.2 2016q4/bin/../lib/gcc/arm-none-eabi/6.2.1/../../../../arm-none-eabi/lib/thumb/v6-m\libg.a
LOAD c:/program files (x86)/gnu tools arm embedded/6.2 2016q4/bin/../lib/gcc/arm-none-eabi/6.2.1/../../../../arm-none-eabi/lib/thumb/v6-m\libc.a
END GROUP
OUTPUT(ElectronicLock.elf elf32-littlearm)

.debug_info     0x00000000     0x4a84
 .debug_info    0x00000000      0xa4c ..\obj\stm32f0xx_rcc.o
 .debug_info    0x00000a4c      0x8fb ..\obj\timer.o
 .debug_info    0x00001347      0xcc7 ..\obj\main.o
 .debug_info    0x0000200e       0xe7 ..\obj\startup_stm32f0xx.o
 .debug_info    0x000020f5      0x346 ..\obj\func.o
 .debug_info    0x0000243b      0x5f2 ..\obj\stm32f0xx_gpio.o
 .debug_info    0x00002a2d       0xd9 ..\obj\sh_cmd.o
 .debug_info    0x00002b06     0x1c7a ..\obj\stm32f0xx_tim.o
 .debug_info    0x00004780      0x304 ..\obj\system_stm32f0xx.o

.debug_abbrev   0x00000000      0xc1b
 .debug_abbrev  0x00000000      0x1ff ..\obj\stm32f0xx_rcc.o
 .debug_abbrev  0x000001ff      0x183 ..\obj\timer.o
 .debug_abbrev  0x00000382      0x28a ..\obj\main.o
 .debug_abbrev  0x0000060c       0x12 ..\obj\startup_stm32f0xx.o
 .debug_abbrev  0x0000061e      0x14f ..\obj\func.o
 .debug_abbrev  0x0000076d      0x196 ..\obj\stm32f0xx_gpio.o
 .debug_abbrev  0x00000903       0x14 ..\obj\sh_cmd.o
 .debug_abbrev  0x00000917      0x1b0 ..\obj\stm32f0xx_tim.o
 .debug_abbrev  0x00000ac7      0x154 ..\obj\system_stm32f0xx.o

.debug_aranges  0x00000000      0x608
 .debug_aranges
                0x00000000      0x160 ..\obj\stm32f0xx_rcc.o
 .debug_aranges
                0x00000160       0x40 ..\obj\timer.o
 .debug_aranges
                0x000001a0       0x40 ..\obj\main.o
 .debug_aranges
                0x000001e0       0x28 ..\obj\startup_stm32f0xx.o
 .debug_aranges
                0x00000208       0x30 ..\obj\func.o
 .debug_aranges
                0x00000238       0x80 ..\obj\stm32f0xx_gpio.o
 .debug_aranges
                0x000002b8       0x20 ..\obj\sh_cmd.o
 .debug_aranges
                0x000002d8      0x300 ..\obj\stm32f0xx_tim.o
 .debug_aranges
                0x000005d8       0x30 ..\obj\system_stm32f0xx.o

.debug_ranges   0x00000000      0x570
 .debug_ranges  0x00000000      0x150 ..\obj\stm32f0xx_rcc.o
 .debug_ranges  0x00000150       0x30 ..\obj\timer.o
 .debug_ranges  0x00000180       0x30 ..\obj\main.o
 .debug_ranges  0x000001b0       0x20 ..\obj\startup_stm32f0xx.o
 .debug_ranges  0x000001d0       0x20 ..\obj\func.o
 .debug_ranges  0x000001f0       0x70 ..\obj\stm32f0xx_gpio.o
 .debug_ranges  0x00000260      0x2f0 ..\obj\stm32f0xx_tim.o
 .debug_ranges  0x00000550       0x20 ..\obj\system_stm32f0xx.o

.debug_line     0x00000000     0x214c
 .debug_line    0x00000000      0x5d3 ..\obj\stm32f0xx_rcc.o
 .debug_line    0x000005d3      0x30b ..\obj\timer.o
 .debug_line    0x000008de      0x448 ..\obj\main.o
 .debug_line    0x00000d26       0xc6 ..\obj\startup_stm32f0xx.o
 .debug_line    0x00000dec      0x27c ..\obj\func.o
 .debug_line    0x00001068      0x37b ..\obj\stm32f0xx_gpio.o
 .debug_line    0x000013e3       0x9b ..\obj\sh_cmd.o
 .debug_line    0x0000147e      0xada ..\obj\stm32f0xx_tim.o
 .debug_line    0x00001f58      0x1f4 ..\obj\system_stm32f0xx.o

.debug_str      0x00000000     0x1f86
 .debug_str     0x00000000      0x712 ..\obj\stm32f0xx_rcc.o
                                0x7ab (size before relaxing)
 .debug_str     0x00000712      0x66f ..\obj\timer.o
                                0x7d6 (size before relaxing)
 .debug_str     0x00000d81      0x4f1 ..\obj\main.o
                                0x8cf (size before relaxing)
 .debug_str     0x00001272       0x81 ..\obj\func.o
                                0x37e (size before relaxing)
 .debug_str     0x000012f3      0x1a2 ..\obj\stm32f0xx_gpio.o
                                0x4b3 (size before relaxing)
 .debug_str     0x00001495      0xa41 ..\obj\stm32f0xx_tim.o
                                0xe05 (size before relaxing)
 .debug_str     0x00001ed6       0xb0 ..\obj\system_stm32f0xx.o
                                0x2a8 (size before relaxing)

.comment        0x00000000       0x6e
 .comment       0x00000000       0x6e ..\obj\stm32f0xx_rcc.o
                                 0x6f (size before relaxing)
 .comment       0x0000006e       0x6f ..\obj\timer.o
 .comment       0x0000006e       0x6f ..\obj\main.o
 .comment       0x0000006e       0x6f ..\obj\func.o
 .comment       0x0000006e       0x6f ..\obj\stm32f0xx_gpio.o
 .comment       0x0000006e       0x6f ..\obj\stm32f0xx_tim.o
 .comment       0x0000006e       0x6f ..\obj\system_stm32f0xx.o

.ARM.attributes
                0x00000000       0x2f
 .ARM.attributes
                0x00000000       0x31 ..\obj\stm32f0xx_rcc.o
 .ARM.attributes
                0x00000031       0x31 ..\obj\timer.o
 .ARM.attributes
                0x00000062       0x31 ..\obj\main.o
 .ARM.attributes
                0x00000093       0x21 ..\obj\startup_stm32f0xx.o
 .ARM.attributes
                0x000000b4       0x31 ..\obj\func.o
 .ARM.attributes
                0x000000e5       0x31 ..\obj\stm32f0xx_gpio.o
 .ARM.attributes
                0x00000116       0x21 ..\obj\sh_cmd.o
 .ARM.attributes
                0x00000137       0x31 ..\obj\stm32f0xx_tim.o
 .ARM.attributes
                0x00000168       0x31 ..\obj\system_stm32f0xx.o

.debug_frame    0x00000000     0x14b4
 .debug_frame   0x00000000      0x524 ..\obj\stm32f0xx_rcc.o
 .debug_frame   0x00000524       0xb4 ..\obj\timer.o
 .debug_frame   0x000005d8       0xa4 ..\obj\main.o
 .debug_frame   0x0000067c       0x6c ..\obj\func.o
 .debug_frame   0x000006e8      0x1b0 ..\obj\stm32f0xx_gpio.o
 .debug_frame   0x00000898      0xbb0 ..\obj\stm32f0xx_tim.o
 .debug_frame   0x00001448       0x6c ..\obj\system_stm32f0xx.o
