Archive member included because of file (symbol)

c:/program files (x86)/gnu tools arm embedded/4.7 2013q3/bin/../lib/gcc/arm-none-eabi/4.7.4/armv6-m\libgcc.a(_udivsi3.o)
                              ..\obj\stm32f0xx_rcc.o (__aeabi_uidiv)
c:/program files (x86)/gnu tools arm embedded/4.7 2013q3/bin/../lib/gcc/arm-none-eabi/4.7.4/armv6-m\libgcc.a(_dvmd_tls.o)
                              c:/program files (x86)/gnu tools arm embedded/4.7 2013q3/bin/../lib/gcc/arm-none-eabi/4.7.4/armv6-m\libgcc.a(_udivsi3.o) (__aeabi_idiv0)

Allocating common symbols
Common symbol       size              file

input               0x10              ..\obj\func.o
status              0x4               ..\obj\main.o

Discarded input sections

 .text          0x00000000        0x0 ..\obj\stm32f0xx_rcc.o
 .data          0x00000000       0x10 ..\obj\stm32f0xx_rcc.o
 .bss           0x00000000        0x0 ..\obj\stm32f0xx_rcc.o
 .text.RCC_DeInit
                0x00000000       0x88 ..\obj\stm32f0xx_rcc.o
 .text.RCC_HSEConfig
                0x00000000       0x24 ..\obj\stm32f0xx_rcc.o
 .text.RCC_WaitForHSEStartUp
                0x00000000       0x60 ..\obj\stm32f0xx_rcc.o
 .text.RCC_AdjustHSICalibrationValue
                0x00000000       0x3c ..\obj\stm32f0xx_rcc.o
 .text.RCC_HSICmd
                0x00000000       0x38 ..\obj\stm32f0xx_rcc.o
 .text.RCC_AdjustHSI14CalibrationValue
                0x00000000       0x3c ..\obj\stm32f0xx_rcc.o
 .text.RCC_HSI14Cmd
                0x00000000       0x38 ..\obj\stm32f0xx_rcc.o
 .text.RCC_HSI14ADCRequestCmd
                0x00000000       0x38 ..\obj\stm32f0xx_rcc.o
 .text.RCC_LSEConfig
                0x00000000       0x38 ..\obj\stm32f0xx_rcc.o
 .text.RCC_LSEDriveConfig
                0x00000000       0x2c ..\obj\stm32f0xx_rcc.o
 .text.RCC_LSICmd
                0x00000000       0x38 ..\obj\stm32f0xx_rcc.o
 .text.RCC_PLLConfig
                0x00000000       0x34 ..\obj\stm32f0xx_rcc.o
 .text.RCC_PLLCmd
                0x00000000       0x40 ..\obj\stm32f0xx_rcc.o
 .text.RCC_HSI48Cmd
                0x00000000       0x40 ..\obj\stm32f0xx_rcc.o
 .text.RCC_PREDIV1Config
                0x00000000       0x34 ..\obj\stm32f0xx_rcc.o
 .text.RCC_ClockSecuritySystemCmd
                0x00000000       0x40 ..\obj\stm32f0xx_rcc.o
 .text.RCC_MCOConfig
                0x00000000       0x44 ..\obj\stm32f0xx_rcc.o
 .text.RCC_SYSCLKConfig
                0x00000000       0x34 ..\obj\stm32f0xx_rcc.o
 .text.RCC_GetSYSCLKSource
                0x00000000       0x1c ..\obj\stm32f0xx_rcc.o
 .text.RCC_HCLKConfig
                0x00000000       0x34 ..\obj\stm32f0xx_rcc.o
 .text.RCC_PCLKConfig
                0x00000000       0x38 ..\obj\stm32f0xx_rcc.o
 .text.RCC_ADCCLKConfig
                0x00000000       0x50 ..\obj\stm32f0xx_rcc.o
 .text.RCC_CECCLKConfig
                0x00000000       0x2c ..\obj\stm32f0xx_rcc.o
 .text.RCC_I2CCLKConfig
                0x00000000       0x2c ..\obj\stm32f0xx_rcc.o
 .text.RCC_USARTCLKConfig
                0x00000000       0x4c ..\obj\stm32f0xx_rcc.o
 .text.RCC_USBCLKConfig
                0x00000000       0x2c ..\obj\stm32f0xx_rcc.o
 .text.RCC_GetClocksFreq
                0x00000000      0x260 ..\obj\stm32f0xx_rcc.o
 .text.RCC_RTCCLKConfig
                0x00000000       0x20 ..\obj\stm32f0xx_rcc.o
 .text.RCC_RTCCLKCmd
                0x00000000       0x40 ..\obj\stm32f0xx_rcc.o
 .text.RCC_BackupResetCmd
                0x00000000       0x40 ..\obj\stm32f0xx_rcc.o
 .text.RCC_APB2PeriphClockCmd
                0x00000000       0x3c ..\obj\stm32f0xx_rcc.o
 .text.RCC_AHBPeriphResetCmd
                0x00000000       0x3c ..\obj\stm32f0xx_rcc.o
 .text.RCC_APB2PeriphResetCmd
                0x00000000       0x3c ..\obj\stm32f0xx_rcc.o
 .text.RCC_APB1PeriphResetCmd
                0x00000000       0x3c ..\obj\stm32f0xx_rcc.o
 .text.RCC_ITConfig
                0x00000000       0x50 ..\obj\stm32f0xx_rcc.o
 .text.RCC_GetFlagStatus
                0x00000000       0x90 ..\obj\stm32f0xx_rcc.o
 .text.RCC_ClearFlag
                0x00000000       0x1c ..\obj\stm32f0xx_rcc.o
 .text.RCC_GetITStatus
                0x00000000       0x44 ..\obj\stm32f0xx_rcc.o
 .text.RCC_ClearITPendingBit
                0x00000000       0x20 ..\obj\stm32f0xx_rcc.o
 .text          0x00000000        0x0 ..\obj\timer.o
 .data          0x00000000        0x0 ..\obj\timer.o
 .bss           0x00000000        0x0 ..\obj\timer.o
 .text          0x00000000        0x0 ..\obj\main.o
 .data          0x00000000        0x0 ..\obj\main.o
 .bss           0x00000000        0x0 ..\obj\main.o
 .text          0x00000000       0x14 ..\obj\startup_stm32f0xx.o
 .data          0x00000000        0x0 ..\obj\startup_stm32f0xx.o
 .bss           0x00000000        0x0 ..\obj\startup_stm32f0xx.o
 .text          0x00000000        0x0 ..\obj\func.o
 .data          0x00000000        0x0 ..\obj\func.o
 .text          0x00000000        0x0 ..\obj\stm32f0xx_gpio.o
 .data          0x00000000        0x0 ..\obj\stm32f0xx_gpio.o
 .bss           0x00000000        0x0 ..\obj\stm32f0xx_gpio.o
 .text.GPIO_DeInit
                0x00000000       0xf0 ..\obj\stm32f0xx_gpio.o
 .text.GPIO_StructInit
                0x00000000       0x30 ..\obj\stm32f0xx_gpio.o
 .text.GPIO_PinLockConfig
                0x00000000       0x44 ..\obj\stm32f0xx_gpio.o
 .text.GPIO_ReadInputData
                0x00000000       0x18 ..\obj\stm32f0xx_gpio.o
 .text.GPIO_ReadOutputDataBit
                0x00000000       0x48 ..\obj\stm32f0xx_gpio.o
 .text.GPIO_ReadOutputData
                0x00000000       0x18 ..\obj\stm32f0xx_gpio.o
 .text.GPIO_SetBits
                0x00000000       0x1c ..\obj\stm32f0xx_gpio.o
 .text.GPIO_ResetBits
                0x00000000       0x1c ..\obj\stm32f0xx_gpio.o
 .text.GPIO_Write
                0x00000000       0x1c ..\obj\stm32f0xx_gpio.o
 .text          0x00000000        0x0 ..\obj\stm32f0xx_tim.o
 .data          0x00000000        0x0 ..\obj\stm32f0xx_tim.o
 .bss           0x00000000        0x0 ..\obj\stm32f0xx_tim.o
 .text.TIM_DeInit
                0x00000000      0x124 ..\obj\stm32f0xx_tim.o
 .text.TIM_TimeBaseStructInit
                0x00000000       0x30 ..\obj\stm32f0xx_tim.o
 .text.TIM_PrescalerConfig
                0x00000000       0x28 ..\obj\stm32f0xx_tim.o
 .text.TIM_CounterModeConfig
                0x00000000       0x54 ..\obj\stm32f0xx_tim.o
 .text.TIM_SetCounter
                0x00000000       0x18 ..\obj\stm32f0xx_tim.o
 .text.TIM_SetAutoreload
                0x00000000       0x18 ..\obj\stm32f0xx_tim.o
 .text.TIM_GetCounter
                0x00000000       0x14 ..\obj\stm32f0xx_tim.o
 .text.TIM_GetPrescaler
                0x00000000       0x18 ..\obj\stm32f0xx_tim.o
 .text.TIM_UpdateDisableConfig
                0x00000000       0x40 ..\obj\stm32f0xx_tim.o
 .text.TIM_UpdateRequestConfig
                0x00000000       0x40 ..\obj\stm32f0xx_tim.o
 .text.TIM_SelectOnePulseMode
                0x00000000       0x38 ..\obj\stm32f0xx_tim.o
 .text.TIM_SetClockDivision
                0x00000000       0x3c ..\obj\stm32f0xx_tim.o
 .text.TIM_BDTRConfig
                0x00000000       0x4c ..\obj\stm32f0xx_tim.o
 .text.TIM_BDTRStructInit
                0x00000000       0x38 ..\obj\stm32f0xx_tim.o
 .text.TIM_CtrlPWMOutputs
                0x00000000       0x4c ..\obj\stm32f0xx_tim.o
 .text.TIM_OC2Init
                0x00000000      0x1a4 ..\obj\stm32f0xx_tim.o
 .text.TIM_OC3Init
                0x00000000      0x1a8 ..\obj\stm32f0xx_tim.o
 .text.TIM_OC4Init
                0x00000000      0x134 ..\obj\stm32f0xx_tim.o
 .text.TIM_OCStructInit
                0x00000000       0x40 ..\obj\stm32f0xx_tim.o
 .text.TIM_SelectOCxM
                0x00000000       0xc0 ..\obj\stm32f0xx_tim.o
 .text.TIM_SetCompare1
                0x00000000       0x18 ..\obj\stm32f0xx_tim.o
 .text.TIM_SetCompare2
                0x00000000       0x18 ..\obj\stm32f0xx_tim.o
 .text.TIM_SetCompare3
                0x00000000       0x18 ..\obj\stm32f0xx_tim.o
 .text.TIM_SetCompare4
                0x00000000       0x18 ..\obj\stm32f0xx_tim.o
 .text.TIM_ForcedOC1Config
                0x00000000       0x54 ..\obj\stm32f0xx_tim.o
 .text.TIM_ForcedOC2Config
                0x00000000       0x5c ..\obj\stm32f0xx_tim.o
 .text.TIM_ForcedOC3Config
                0x00000000       0x54 ..\obj\stm32f0xx_tim.o
 .text.TIM_ForcedOC4Config
                0x00000000       0x5c ..\obj\stm32f0xx_tim.o
 .text.TIM_CCPreloadControl
                0x00000000       0x40 ..\obj\stm32f0xx_tim.o
 .text.TIM_OC2PreloadConfig
                0x00000000       0x5c ..\obj\stm32f0xx_tim.o
 .text.TIM_OC3PreloadConfig
                0x00000000       0x54 ..\obj\stm32f0xx_tim.o
 .text.TIM_OC4PreloadConfig
                0x00000000       0x5c ..\obj\stm32f0xx_tim.o
 .text.TIM_OC1FastConfig
                0x00000000       0x54 ..\obj\stm32f0xx_tim.o
 .text.TIM_OC2FastConfig
                0x00000000       0x5c ..\obj\stm32f0xx_tim.o
 .text.TIM_OC3FastConfig
                0x00000000       0x54 ..\obj\stm32f0xx_tim.o
 .text.TIM_OC4FastConfig
                0x00000000       0x5c ..\obj\stm32f0xx_tim.o
 .text.TIM_ClearOC1Ref
                0x00000000       0x54 ..\obj\stm32f0xx_tim.o
 .text.TIM_ClearOC2Ref
                0x00000000       0x58 ..\obj\stm32f0xx_tim.o
 .text.TIM_ClearOC3Ref
                0x00000000       0x54 ..\obj\stm32f0xx_tim.o
 .text.TIM_ClearOC4Ref
                0x00000000       0x58 ..\obj\stm32f0xx_tim.o
 .text.TIM_OC1PolarityConfig
                0x00000000       0x54 ..\obj\stm32f0xx_tim.o
 .text.TIM_OC1NPolarityConfig
                0x00000000       0x54 ..\obj\stm32f0xx_tim.o
 .text.TIM_OC2PolarityConfig
                0x00000000       0x58 ..\obj\stm32f0xx_tim.o
 .text.TIM_OC2NPolarityConfig
                0x00000000       0x58 ..\obj\stm32f0xx_tim.o
 .text.TIM_OC3PolarityConfig
                0x00000000       0x5c ..\obj\stm32f0xx_tim.o
 .text.TIM_OC3NPolarityConfig
                0x00000000       0x5c ..\obj\stm32f0xx_tim.o
 .text.TIM_OC4PolarityConfig
                0x00000000       0x5c ..\obj\stm32f0xx_tim.o
 .text.TIM_SelectOCREFClear
                0x00000000       0x38 ..\obj\stm32f0xx_tim.o
 .text.TIM_CCxCmd
                0x00000000       0x64 ..\obj\stm32f0xx_tim.o
 .text.TIM_CCxNCmd
                0x00000000       0x64 ..\obj\stm32f0xx_tim.o
 .text.TIM_SelectCOM
                0x00000000       0x40 ..\obj\stm32f0xx_tim.o
 .text.TIM_ICInit
                0x00000000       0xb0 ..\obj\stm32f0xx_tim.o
 .text.TIM_ICStructInit
                0x00000000       0x2c ..\obj\stm32f0xx_tim.o
 .text.TIM_PWMIConfig
                0x00000000       0xe8 ..\obj\stm32f0xx_tim.o
 .text.TIM_GetCapture1
                0x00000000       0x14 ..\obj\stm32f0xx_tim.o
 .text.TIM_GetCapture2
                0x00000000       0x14 ..\obj\stm32f0xx_tim.o
 .text.TIM_GetCapture3
                0x00000000       0x14 ..\obj\stm32f0xx_tim.o
 .text.TIM_GetCapture4
                0x00000000       0x14 ..\obj\stm32f0xx_tim.o
 .text.TIM_SetIC1Prescaler
                0x00000000       0x38 ..\obj\stm32f0xx_tim.o
 .text.TIM_SetIC2Prescaler
                0x00000000       0x40 ..\obj\stm32f0xx_tim.o
 .text.TIM_SetIC3Prescaler
                0x00000000       0x38 ..\obj\stm32f0xx_tim.o
 .text.TIM_SetIC4Prescaler
                0x00000000       0x40 ..\obj\stm32f0xx_tim.o
 .text.TIM_GenerateEvent
                0x00000000       0x1c ..\obj\stm32f0xx_tim.o
 .text.TIM_GetFlagStatus
                0x00000000       0x48 ..\obj\stm32f0xx_tim.o
 .text.TIM_ClearFlag
                0x00000000       0x20 ..\obj\stm32f0xx_tim.o
 .text.TIM_GetITStatus
                0x00000000       0x80 ..\obj\stm32f0xx_tim.o
 .text.TIM_DMAConfig
                0x00000000       0x28 ..\obj\stm32f0xx_tim.o
 .text.TIM_DMACmd
                0x00000000       0x48 ..\obj\stm32f0xx_tim.o
 .text.TIM_SelectCCDMA
                0x00000000       0x40 ..\obj\stm32f0xx_tim.o
 .text.TIM_InternalClockConfig
                0x00000000       0x20 ..\obj\stm32f0xx_tim.o
 .text.TIM_ITRxExternalClockConfig
                0x00000000       0x34 ..\obj\stm32f0xx_tim.o
 .text.TIM_TIxExternalClockConfig
                0x00000000       0x7c ..\obj\stm32f0xx_tim.o
 .text.TIM_ETRClockMode1Config
                0x00000000       0x98 ..\obj\stm32f0xx_tim.o
 .text.TIM_ETRClockMode2Config
                0x00000000       0x4c ..\obj\stm32f0xx_tim.o
 .text.TIM_SelectInputTrigger
                0x00000000       0x54 ..\obj\stm32f0xx_tim.o
 .text.TIM_SelectOutputTrigger
                0x00000000       0x38 ..\obj\stm32f0xx_tim.o
 .text.TIM_SelectSlaveMode
                0x00000000       0x38 ..\obj\stm32f0xx_tim.o
 .text.TIM_SelectMasterSlaveMode
                0x00000000       0x38 ..\obj\stm32f0xx_tim.o
 .text.TIM_ETRConfig
                0x00000000       0x7c ..\obj\stm32f0xx_tim.o
 .text.TIM_EncoderInterfaceConfig
                0x00000000       0xf4 ..\obj\stm32f0xx_tim.o
 .text.TIM_SelectHallSensor
                0x00000000       0x40 ..\obj\stm32f0xx_tim.o
 .text.TIM_RemapConfig
                0x00000000       0x20 ..\obj\stm32f0xx_tim.o
 .text.TI1_Config
                0x00000000       0xc8 ..\obj\stm32f0xx_tim.o
 .text.TI2_Config
                0x00000000       0xf0 ..\obj\stm32f0xx_tim.o
 .text.TI3_Config
                0x00000000       0xe8 ..\obj\stm32f0xx_tim.o
 .text.TI4_Config
                0x00000000       0xf8 ..\obj\stm32f0xx_tim.o
 .text          0x00000000        0x0 ..\obj\system_stm32f0xx.o
 .data          0x00000000       0x14 ..\obj\system_stm32f0xx.o
 .bss           0x00000000        0x0 ..\obj\system_stm32f0xx.o
 .text.SystemCoreClockUpdate
                0x00000000       0xd0 ..\obj\system_stm32f0xx.o
 .text          0x00000000       0x9c c:/program files (x86)/gnu tools arm embedded/4.7 2013q3/bin/../lib/gcc/arm-none-eabi/4.7.4/armv6-m\libgcc.a(_udivsi3.o)
 .data          0x00000000        0x0 c:/program files (x86)/gnu tools arm embedded/4.7 2013q3/bin/../lib/gcc/arm-none-eabi/4.7.4/armv6-m\libgcc.a(_udivsi3.o)
 .bss           0x00000000        0x0 c:/program files (x86)/gnu tools arm embedded/4.7 2013q3/bin/../lib/gcc/arm-none-eabi/4.7.4/armv6-m\libgcc.a(_udivsi3.o)
 .debug_frame   0x00000000       0x20 c:/program files (x86)/gnu tools arm embedded/4.7 2013q3/bin/../lib/gcc/arm-none-eabi/4.7.4/armv6-m\libgcc.a(_udivsi3.o)
 .ARM.attributes
                0x00000000       0x1e c:/program files (x86)/gnu tools arm embedded/4.7 2013q3/bin/../lib/gcc/arm-none-eabi/4.7.4/armv6-m\libgcc.a(_udivsi3.o)
 .text          0x00000000        0x4 c:/program files (x86)/gnu tools arm embedded/4.7 2013q3/bin/../lib/gcc/arm-none-eabi/4.7.4/armv6-m\libgcc.a(_dvmd_tls.o)
 .data          0x00000000        0x0 c:/program files (x86)/gnu tools arm embedded/4.7 2013q3/bin/../lib/gcc/arm-none-eabi/4.7.4/armv6-m\libgcc.a(_dvmd_tls.o)
 .bss           0x00000000        0x0 c:/program files (x86)/gnu tools arm embedded/4.7 2013q3/bin/../lib/gcc/arm-none-eabi/4.7.4/armv6-m\libgcc.a(_dvmd_tls.o)
 .ARM.attributes
                0x00000000       0x1e c:/program files (x86)/gnu tools arm embedded/4.7 2013q3/bin/../lib/gcc/arm-none-eabi/4.7.4/armv6-m\libgcc.a(_dvmd_tls.o)

Memory Configuration

Name             Origin             Length             Attributes
rom              0x08000000         0x00008000         xr
ram              0x20000000         0x00001800         xrw
*default*        0x00000000         0xffffffff

Linker script and memory map

                0x20001800                _eram = 0x20001800

.text           0x08000000      0xfa0
 *(.isr_vector)
 .isr_vector    0x08000000       0xc4 ..\obj\startup_stm32f0xx.o
                0x08000000                g_pfnVectors
 *(.text*)
 .text.RCC_AHBPeriphClockCmd
                0x080000c4       0x3c ..\obj\stm32f0xx_rcc.o
                0x080000c4                RCC_AHBPeriphClockCmd
 .text.RCC_APB1PeriphClockCmd
                0x08000100       0x3c ..\obj\stm32f0xx_rcc.o
                0x08000100                RCC_APB1PeriphClockCmd
 .text.NVIC_SetPriority
                0x0800013c       0xe0 ..\obj\timer.o
 .text.TIM3_Init
                0x0800021c       0x5c ..\obj\timer.o
                0x0800021c                TIM3_Init
 .text.TIM3CH1_PWMConfig
                0x08000278       0xac ..\obj\timer.o
                0x08000278                TIM3CH1_PWMConfig
 .text.TIM14_Init
                0x08000324       0x88 ..\obj\timer.o
                0x08000324                TIM14_Init
 .text.NVIC_EnableIRQ
                0x080003ac       0x2c ..\obj\main.o
 .text.main     0x080003d8       0x4c ..\obj\main.o
                0x080003d8                main
 .text.TIM14_IRQHandler
                0x08000424       0x34 ..\obj\main.o
                0x08000424                TIM14_IRQHandler
 .text.Reset_Handler
                0x08000458       0x44 ..\obj\startup_stm32f0xx.o
                0x08000458                Reset_Handler
 .text.Default_Handler
                0x0800049c        0x2 ..\obj\startup_stm32f0xx.o
                0x0800049c                PVD_VDDUSB_LP_IRQHandler
                0x0800049c                TIM1_CC_IRQHandler
                0x0800049c                HardFault_Handler
                0x0800049c                ADC1_COMP_IRQHandler
                0x0800049c                SysTick_Handler
                0x0800049c                PendSV_Handler
                0x0800049c                NMI_Handler
                0x0800049c                I2C1_IRQHandler
                0x0800049c                RCC_CRS_IRQHandler
                0x0800049c                SPI1_IRQHandler
                0x0800049c                TIM6_DAC_IRQHandler
                0x0800049c                USART3_4_IRQHandler
                0x0800049c                EXTI2_3_IRQHandler
                0x0800049c                I2C2_IRQHandler
                0x0800049c                TIM17_IRQHandler
                0x0800049c                CEC_CAN_IRQHandler
                0x0800049c                RTC_IRQHandler
                0x0800049c                DMA1_Channel4_5_6_7_IRQHandler
                0x0800049c                TIM16_IRQHandler
                0x0800049c                TIM3_IRQHandler
                0x0800049c                EXTI4_15_IRQHandler
                0x0800049c                DMA1_Channel1_IRQHandler
                0x0800049c                Default_Handler
                0x0800049c                TIM7_IRQHandler
                0x0800049c                TIM15_IRQHandler
                0x0800049c                EXTI0_1_IRQHandler
                0x0800049c                SPI2_IRQHandler
                0x0800049c                SVC_Handler
                0x0800049c                USB_LP_IRQHandler
                0x0800049c                TS_IRQHandler
                0x0800049c                WWDG_IRQHandler
                0x0800049c                TIM2_IRQHandler
                0x0800049c                DMA1_Channel2_3_IRQHandler
                0x0800049c                USART2_IRQHandler
                0x0800049c                FLASH_IRQHandler
                0x0800049c                USART1_IRQHandler
                0x0800049c                TIM1_BRK_UP_TRG_COM_IRQHandler
 *fill*         0x0800049e        0x2 00
 .text.SW_GPIO_Init
                0x080004a0       0x70 ..\obj\func.o
                0x080004a0                SW_GPIO_Init
 .text.readSW   0x08000510      0x248 ..\obj\func.o
                0x08000510                readSW
 .text.judgeNum
                0x08000758       0x5c ..\obj\func.o
                0x08000758                judgeNum
 .text.checkPass
                0x080007b4       0x54 ..\obj\func.o
                0x080007b4                checkPass
 .text.DriveMotor
                0x08000808       0x10 ..\obj\func.o
                0x08000808                DriveMotor
 .text.GPIO_Init
                0x08000818      0x138 ..\obj\stm32f0xx_gpio.o
                0x08000818                GPIO_Init
 .text.GPIO_ReadInputDataBit
                0x08000950       0x48 ..\obj\stm32f0xx_gpio.o
                0x08000950                GPIO_ReadInputDataBit
 .text.GPIO_WriteBit
                0x08000998       0x30 ..\obj\stm32f0xx_gpio.o
                0x08000998                GPIO_WriteBit
 .text.GPIO_PinAFConfig
                0x080009c8       0x9c ..\obj\stm32f0xx_gpio.o
                0x080009c8                GPIO_PinAFConfig
 .text.TIM_TimeBaseInit
                0x08000a64       0xf0 ..\obj\stm32f0xx_tim.o
                0x08000a64                TIM_TimeBaseInit
 .text.TIM_ARRPreloadConfig
                0x08000b54       0x40 ..\obj\stm32f0xx_tim.o
                0x08000b54                TIM_ARRPreloadConfig
 .text.TIM_Cmd  0x08000b94       0x40 ..\obj\stm32f0xx_tim.o
                0x08000b94                TIM_Cmd
 .text.TIM_OC1Init
                0x08000bd4      0x1a4 ..\obj\stm32f0xx_tim.o
                0x08000bd4                TIM_OC1Init
 .text.TIM_OC1PreloadConfig
                0x08000d78       0x54 ..\obj\stm32f0xx_tim.o
                0x08000d78                TIM_OC1PreloadConfig
 .text.TIM_ITConfig
                0x08000dcc       0x48 ..\obj\stm32f0xx_tim.o
                0x08000dcc                TIM_ITConfig
 .text.TIM_ClearITPendingBit
                0x08000e14       0x20 ..\obj\stm32f0xx_tim.o
                0x08000e14                TIM_ClearITPendingBit
 .text.SystemInit
                0x08000e34       0x8c ..\obj\system_stm32f0xx.o
                0x08000e34                SystemInit
 .text.SetSysClock
                0x08000ec0       0xe0 ..\obj\system_stm32f0xx.o
 *(.init)
 *(.fini)
 *crtbegin.o(.ctors)
 *crtbegin?.o(.ctors)
 *(EXCLUDE_FILE(*crtend.o *crtend?.o) .ctors)
 *(SORT(.ctors.*))
 *(.ctors)
 *crtbegin.o(.dtors)
 *crtbegin?.o(.dtors)
 *(EXCLUDE_FILE(*crtend.o *crtend?.o) .dtors)
 *(SORT(.dtors.*))
 *(.dtors)
 *(.rodata*)
 *(.eh_fram e*)

.glue_7         0x08000fa0        0x0
 .glue_7        0x00000000        0x0 linker stubs

.glue_7t        0x08000fa0        0x0
 .glue_7t       0x00000000        0x0 linker stubs

.vfp11_veneer   0x08000fa0        0x0
 .vfp11_veneer  0x00000000        0x0 linker stubs

.v4_bx          0x08000fa0        0x0
 .v4_bx         0x00000000        0x0 linker stubs

.iplt           0x08000fa0        0x0
 .iplt          0x00000000        0x0 ..\obj\stm32f0xx_rcc.o

.rel.dyn        0x08000fa0        0x0
 .rel.iplt      0x00000000        0x0 ..\obj\stm32f0xx_rcc.o

.ARM.extab
 *(.ARM.extab* .gnu.linkonce.armextab.*)
                0x08000fa0                __exidx_start = .

.ARM.exidx
 *(.ARM.exidx* .gnu.linkonce.armexidx.*)
                0x08000fa0                __exidx_end = .
                0x08000fa0                __etext = .
                0x08000fa0                _sidata = __etext

.data           0x20000000        0x0 load address 0x08000fa0
                0x20000000                __data_start__ = .
                0x20000000                _sdata = __data_start__
 *(vtable)
 *(.data*)
                0x20000000                . = ALIGN (0x4)
                0x20000000                PROVIDE (__preinit_array_start, .)
 *(.preinit_array)
                0x20000000                PROVIDE (__preinit_array_end, .)
                0x20000000                . = ALIGN (0x4)
                0x20000000                PROVIDE (__init_array_start, .)
 *(SORT(.init_array.*))
 *(.init_array)
                0x20000000                PROVIDE (__init_array_end, .)
                0x20000000                . = ALIGN (0x4)
                0x20000000                PROVIDE (__fini_array_start, .)
 *(SORT(.fini_array.*))
 *(.fini_array)
                0x20000000                PROVIDE (__fini_array_end, .)
 *(.jcr*)
                0x20000000                . = ALIGN (0x4)
                0x20000000                __data_end__ = .
                0x20000000                _edata = __data_end__

.igot.plt       0x20000000        0x0
 .igot.plt      0x00000000        0x0 ..\obj\stm32f0xx_rcc.o

.bss            0x20000000       0x2c
                0x20000000                . = ALIGN (0x4)
                0x20000000                __bss_start__ = .
                0x20000000                _sbss = __bss_start__
 *(.bss*)
 .bss           0x20000000       0x18 ..\obj\func.o
                0x20000000                pass
                0x20000010                flagAste
                0x20000014                inputCNT
 *(COMMON)
 COMMON         0x20000018        0x4 ..\obj\main.o
                0x20000018                status
 COMMON         0x2000001c       0x10 ..\obj\func.o
                0x2000001c                input
                0x2000002c                . = ALIGN (0x4)
                0x2000002c                __bss_end__ = .
                0x2000002c                _ebss = __bss_end__

.heap           0x2000002c        0x0
                0x2000002c                __end__ = .
                0x2000002c                _end = __end__
                0x2000002c                end = __end__
 *(.heap*)
                0x2000002c                __HeapLimit = .

.co_stack       0x2000002c        0x4
                0x20000030                . = ALIGN (0x8)
 *fill*         0x2000002c        0x4 00
 *(.co_stack .co_stack.*)
                0x20001800                __StackTop = (ORIGIN (ram) + 0x1800)
                0x200017fc                __StackLimit = (__StackTop - SIZEOF (.co_stack))
                0x20001800                PROVIDE (__stack, __StackTop)
                0x00000001                ASSERT ((__StackLimit >= __HeapLimit), region ram  overflowed with stack)
LOAD ..\obj\stm32f0xx_rcc.o
LOAD ..\obj\timer.o
LOAD ..\obj\main.o
LOAD ..\obj\startup_stm32f0xx.o
LOAD ..\obj\func.o
LOAD ..\obj\stm32f0xx_gpio.o
LOAD ..\obj\stm32f0xx_tim.o
LOAD ..\obj\system_stm32f0xx.o
START GROUP
LOAD c:/program files (x86)/gnu tools arm embedded/4.7 2013q3/bin/../lib/gcc/arm-none-eabi/4.7.4/armv6-m\libgcc.a
LOAD c:/program files (x86)/gnu tools arm embedded/4.7 2013q3/bin/../lib/gcc/arm-none-eabi/4.7.4/../../../../arm-none-eabi/lib/armv6-m\libg.a
LOAD c:/program files (x86)/gnu tools arm embedded/4.7 2013q3/bin/../lib/gcc/arm-none-eabi/4.7.4/../../../../arm-none-eabi/lib/armv6-m\libc.a
END GROUP
OUTPUT(ElectronicLock.elf elf32-littlearm)

.debug_info     0x00000000     0x4606
 .debug_info    0x00000000      0xb09 ..\obj\stm32f0xx_rcc.o
 .debug_info    0x00000b09      0x960 ..\obj\timer.o
 .debug_info    0x00001469      0x533 ..\obj\main.o
 .debug_info    0x0000199c       0xe6 ..\obj\startup_stm32f0xx.o
 .debug_info    0x00001a82      0x3ca ..\obj\func.o
 .debug_info    0x00001e4c      0x619 ..\obj\stm32f0xx_gpio.o
 .debug_info    0x00002465     0x1e91 ..\obj\stm32f0xx_tim.o
 .debug_info    0x000042f6      0x310 ..\obj\system_stm32f0xx.o

.debug_abbrev   0x00000000      0xa6f
 .debug_abbrev  0x00000000      0x1ee ..\obj\stm32f0xx_rcc.o
 .debug_abbrev  0x000001ee      0x161 ..\obj\timer.o
 .debug_abbrev  0x0000034f      0x117 ..\obj\main.o
 .debug_abbrev  0x00000466       0x12 ..\obj\startup_stm32f0xx.o
 .debug_abbrev  0x00000478      0x16d ..\obj\func.o
 .debug_abbrev  0x000005e5      0x19d ..\obj\stm32f0xx_gpio.o
 .debug_abbrev  0x00000782      0x1b7 ..\obj\stm32f0xx_tim.o
 .debug_abbrev  0x00000939      0x136 ..\obj\system_stm32f0xx.o

.debug_loc      0x00000000     0x231c
 .debug_loc     0x00000000      0x8d4 ..\obj\stm32f0xx_rcc.o
 .debug_loc     0x000008d4       0xe0 ..\obj\timer.o
 .debug_loc     0x000009b4       0x90 ..\obj\main.o
 .debug_loc     0x00000a44      0x10c ..\obj\func.o
 .debug_loc     0x00000b50      0x2d8 ..\obj\stm32f0xx_gpio.o
 .debug_loc     0x00000e28     0x1458 ..\obj\stm32f0xx_tim.o
 .debug_loc     0x00002280       0x9c ..\obj\system_stm32f0xx.o

.debug_aranges  0x00000000      0x5e0
 .debug_aranges
                0x00000000      0x160 ..\obj\stm32f0xx_rcc.o
 .debug_aranges
                0x00000160       0x38 ..\obj\timer.o
 .debug_aranges
                0x00000198       0x30 ..\obj\main.o
 .debug_aranges
                0x000001c8       0x28 ..\obj\startup_stm32f0xx.o
 .debug_aranges
                0x000001f0       0x40 ..\obj\func.o
 .debug_aranges
                0x00000230       0x80 ..\obj\stm32f0xx_gpio.o
 .debug_aranges
                0x000002b0      0x300 ..\obj\stm32f0xx_tim.o
 .debug_aranges
                0x000005b0       0x30 ..\obj\system_stm32f0xx.o

.debug_ranges   0x00000000      0x568
 .debug_ranges  0x00000000      0x150 ..\obj\stm32f0xx_rcc.o
 .debug_ranges  0x00000150       0x28 ..\obj\timer.o
 .debug_ranges  0x00000178       0x20 ..\obj\main.o
 .debug_ranges  0x00000198       0x20 ..\obj\startup_stm32f0xx.o
 .debug_ranges  0x000001b8       0x30 ..\obj\func.o
 .debug_ranges  0x000001e8       0x70 ..\obj\stm32f0xx_gpio.o
 .debug_ranges  0x00000258      0x2f0 ..\obj\stm32f0xx_tim.o
 .debug_ranges  0x00000548       0x20 ..\obj\system_stm32f0xx.o

.debug_line     0x00000000     0x1bf3
 .debug_line    0x00000000      0x563 ..\obj\stm32f0xx_rcc.o
 .debug_line    0x00000563      0x298 ..\obj\timer.o
 .debug_line    0x000007fb      0x1f3 ..\obj\main.o
 .debug_line    0x000009ee       0xc6 ..\obj\startup_stm32f0xx.o
 .debug_line    0x00000ab4      0x26f ..\obj\func.o
 .debug_line    0x00000d23      0x306 ..\obj\stm32f0xx_gpio.o
 .debug_line    0x00001029      0xa34 ..\obj\stm32f0xx_tim.o
 .debug_line    0x00001a5d      0x196 ..\obj\system_stm32f0xx.o

.debug_str      0x00000000     0x1ae8
 .debug_str     0x00000000      0x6c9 ..\obj\stm32f0xx_rcc.o
                                0x748 (size before relaxing)
 .debug_str     0x000006c9      0x65f ..\obj\timer.o
                                0x763 (size before relaxing)
 .debug_str     0x00000d28       0x6d ..\obj\main.o
                                0x458 (size before relaxing)
 .debug_str     0x00000d95       0xb0 ..\obj\func.o
                                0x349 (size before relaxing)
 .debug_str     0x00000e45      0x1a2 ..\obj\stm32f0xx_gpio.o
                                0x450 (size before relaxing)
 .debug_str     0x00000fe7      0xa41 ..\obj\stm32f0xx_tim.o
                                0xda2 (size before relaxing)
 .debug_str     0x00001a28       0xc0 ..\obj\system_stm32f0xx.o
                                0x255 (size before relaxing)

.comment        0x00000000       0x70
 .comment       0x00000000       0x70 ..\obj\stm32f0xx_rcc.o
                                 0x71 (size before relaxing)
 .comment       0x00000000       0x71 ..\obj\timer.o
 .comment       0x00000000       0x71 ..\obj\main.o
 .comment       0x00000000       0x71 ..\obj\func.o
 .comment       0x00000000       0x71 ..\obj\stm32f0xx_gpio.o
 .comment       0x00000000       0x71 ..\obj\stm32f0xx_tim.o
 .comment       0x00000000       0x71 ..\obj\system_stm32f0xx.o

.ARM.attributes
                0x00000000       0x2f
 .ARM.attributes
                0x00000000       0x31 ..\obj\stm32f0xx_rcc.o
 .ARM.attributes
                0x00000031       0x31 ..\obj\timer.o
 .ARM.attributes
                0x00000062       0x31 ..\obj\main.o
 .ARM.attributes
                0x00000093       0x21 ..\obj\startup_stm32f0xx.o
 .ARM.attributes
                0x000000b4       0x31 ..\obj\func.o
 .ARM.attributes
                0x000000e5       0x31 ..\obj\stm32f0xx_gpio.o
 .ARM.attributes
                0x00000116       0x31 ..\obj\stm32f0xx_tim.o
 .ARM.attributes
                0x00000147       0x31 ..\obj\system_stm32f0xx.o

.debug_frame    0x00000000     0x1498
 .debug_frame   0x00000000      0x524 ..\obj\stm32f0xx_rcc.o
 .debug_frame   0x00000524       0x94 ..\obj\timer.o
 .debug_frame   0x000005b8       0x68 ..\obj\main.o
 .debug_frame   0x00000620       0xac ..\obj\func.o
 .debug_frame   0x000006cc      0x1b0 ..\obj\stm32f0xx_gpio.o
 .debug_frame   0x0000087c      0xbb0 ..\obj\stm32f0xx_tim.o
 .debug_frame   0x0000142c       0x6c ..\obj\system_stm32f0xx.o
